Test script executed successfully
Time: 2025-06-16 12:53:48.519483
